4
-0.0688515002201388
-4.356947310455476
1.9169323632575646
0.15021001780845178

1.4210854715202004E-14
